// Jest Snapshot v1, https://goo.gl/fbAQLP

exports[`Hook app Hook app Snapshot 1`] = `
<div>
  <h1>
    Hola mundo
  </h1>
</div>
`;
